// Jest Snapshot v1, https://goo.gl/fbAQLP

exports[`Testing Drawer component Drawer should be render correct 1`] = `
<DocumentFragment>
  <button
    class="g-button g-theme-button g-size-normal g-level-normal"
  >
    show
  </button>
</DocumentFragment>
`;

exports[`Testing Drawer component Drawer should be render correct 2`] = `
<DocumentFragment>
  <button
    class="g-button g-theme-button g-size-normal g-level-normal"
  >
    show
  </button>
</DocumentFragment>
`;
